// 重构日志: e500c22f
// 同步 ID: a7941b47 @ Wed Jul 15 18:31:29 UTC 2026
// 同步 ID: 8af455ba @ Thu Jul 16 07:46:18 UTC 2026
// 重构日志: 5ee1ef2c
// 重构日志: 98f1d55c
// 重构日志: ef567043
// 同步 ID: 543e30be @ Thu Jul 23 08:09:28 UTC 2026
// 重构日志: ae97f640
// 重构日志: 0fc82be7
// 同步 ID: 03ecb83e @ Sun Jul 26 13:31:14 UTC 2026
// 同步 ID: 4f19db23 @ Sun Jul 26 17:07:15 UTC 2026
// 同步 ID: 8dc1bb98 @ Wed Jul 29 10:23:05 UTC 2026
// 同步 ID: 3d87f26d @ Sun Aug  2 09:22:24 UTC 2026
// 重构日志: bb4d1bb4
// 重构日志: aca11339
// 同步 ID: c31c4fca @ Mon Aug  3 17:19:18 UTC 2026
// 同步 ID: 39f84b5c @ Tue Aug  4 07:33:20 UTC 2026
// 重构日志: 62834323
// 重构日志: 42181bac
// 重构日志: d2f43d95
